Archive member included to satisfy reference by file (symbol)

c:/mounriver/mounriver_studio2/resources/app/resources/win32/components/wch/toolchain/risc-v embedded gcc/bin/../lib/gcc/riscv-none-embed/8.2.0/rv32imacxw/ilp32\libgcc.a(_divdi3.o)
                              ./Peripheral/src/ch32v20x_usart.o (__divdi3)
c:/mounriver/mounriver_studio2/resources/app/resources/win32/components/wch/toolchain/risc-v embedded gcc/bin/../lib/gcc/riscv-none-embed/8.2.0/rv32imacxw/ilp32\libgcc.a(_udivdi3.o)
                              ./Peripheral/src/ch32v20x_usart.o (__udivdi3)
c:/mounriver/mounriver_studio2/resources/app/resources/win32/components/wch/toolchain/risc-v embedded gcc/bin/../lib/gcc/riscv-none-embed/8.2.0/rv32imacxw/ilp32\libgcc.a(save-restore.o)
                              ./Peripheral/src/ch32v20x_rtc.o (__riscv_save_12)
c:/mounriver/mounriver_studio2/resources/app/resources/win32/components/wch/toolchain/risc-v embedded gcc/bin/../lib/gcc/riscv-none-embed/8.2.0/rv32imacxw/ilp32\libgcc.a(_clz.o)
                              c:/mounriver/mounriver_studio2/resources/app/resources/win32/components/wch/toolchain/risc-v embedded gcc/bin/../lib/gcc/riscv-none-embed/8.2.0/rv32imacxw/ilp32\libgcc.a(_divdi3.o) (__clz_tab)
c:/mounriver/mounriver_studio2/resources/app/resources/win32/components/wch/toolchain/risc-v embedded gcc/bin/../lib/gcc/riscv-none-embed/8.2.0/../../../../riscv-none-embed/lib/rv32imacxw/ilp32\libg_nano.a(lib_a-printf.o)
                              ./User/main.o (printf)
c:/mounriver/mounriver_studio2/resources/app/resources/win32/components/wch/toolchain/risc-v embedded gcc/bin/../lib/gcc/riscv-none-embed/8.2.0/../../../../riscv-none-embed/lib/rv32imacxw/ilp32\libg_nano.a(lib_a-puts.o)
                              ./User/main.o (puts)
c:/mounriver/mounriver_studio2/resources/app/resources/win32/components/wch/toolchain/risc-v embedded gcc/bin/../lib/gcc/riscv-none-embed/8.2.0/../../../../riscv-none-embed/lib/rv32imacxw/ilp32\libg_nano.a(lib_a-wbuf.o)
                              c:/mounriver/mounriver_studio2/resources/app/resources/win32/components/wch/toolchain/risc-v embedded gcc/bin/../lib/gcc/riscv-none-embed/8.2.0/../../../../riscv-none-embed/lib/rv32imacxw/ilp32\libg_nano.a(lib_a-puts.o) (__swbuf_r)
c:/mounriver/mounriver_studio2/resources/app/resources/win32/components/wch/toolchain/risc-v embedded gcc/bin/../lib/gcc/riscv-none-embed/8.2.0/../../../../riscv-none-embed/lib/rv32imacxw/ilp32\libg_nano.a(lib_a-wsetup.o)
                              c:/mounriver/mounriver_studio2/resources/app/resources/win32/components/wch/toolchain/risc-v embedded gcc/bin/../lib/gcc/riscv-none-embed/8.2.0/../../../../riscv-none-embed/lib/rv32imacxw/ilp32\libg_nano.a(lib_a-puts.o) (__swsetup_r)
c:/mounriver/mounriver_studio2/resources/app/resources/win32/components/wch/toolchain/risc-v embedded gcc/bin/../lib/gcc/riscv-none-embed/8.2.0/../../../../riscv-none-embed/lib/rv32imacxw/ilp32\libg_nano.a(lib_a-fflush.o)
                              c:/mounriver/mounriver_studio2/resources/app/resources/win32/components/wch/toolchain/risc-v embedded gcc/bin/../lib/gcc/riscv-none-embed/8.2.0/../../../../riscv-none-embed/lib/rv32imacxw/ilp32\libg_nano.a(lib_a-wbuf.o) (_fflush_r)
c:/mounriver/mounriver_studio2/resources/app/resources/win32/components/wch/toolchain/risc-v embedded gcc/bin/../lib/gcc/riscv-none-embed/8.2.0/../../../../riscv-none-embed/lib/rv32imacxw/ilp32\libg_nano.a(lib_a-findfp.o)
                              c:/mounriver/mounriver_studio2/resources/app/resources/win32/components/wch/toolchain/risc-v embedded gcc/bin/../lib/gcc/riscv-none-embed/8.2.0/../../../../riscv-none-embed/lib/rv32imacxw/ilp32\libg_nano.a(lib_a-printf.o) (__sinit)
c:/mounriver/mounriver_studio2/resources/app/resources/win32/components/wch/toolchain/risc-v embedded gcc/bin/../lib/gcc/riscv-none-embed/8.2.0/../../../../riscv-none-embed/lib/rv32imacxw/ilp32\libg_nano.a(lib_a-fwalk.o)
                              c:/mounriver/mounriver_studio2/resources/app/resources/win32/components/wch/toolchain/risc-v embedded gcc/bin/../lib/gcc/riscv-none-embed/8.2.0/../../../../riscv-none-embed/lib/rv32imacxw/ilp32\libg_nano.a(lib_a-findfp.o) (_fwalk)
c:/mounriver/mounriver_studio2/resources/app/resources/win32/components/wch/toolchain/risc-v embedded gcc/bin/../lib/gcc/riscv-none-embed/8.2.0/../../../../riscv-none-embed/lib/rv32imacxw/ilp32\libg_nano.a(lib_a-impure.o)
                              c:/mounriver/mounriver_studio2/resources/app/resources/win32/components/wch/toolchain/risc-v embedded gcc/bin/../lib/gcc/riscv-none-embed/8.2.0/../../../../riscv-none-embed/lib/rv32imacxw/ilp32\libg_nano.a(lib_a-fflush.o) (_global_impure_ptr)
c:/mounriver/mounriver_studio2/resources/app/resources/win32/components/wch/toolchain/risc-v embedded gcc/bin/../lib/gcc/riscv-none-embed/8.2.0/../../../../riscv-none-embed/lib/rv32imacxw/ilp32\libg_nano.a(lib_a-makebuf.o)
[...]
Memory Configuration

Name             Origin             Length             Attributes
FLASH            0x0000000000000000 0x0000000000028000 xr
RAM              0x0000000020000000 0x0000000000008000 xrw
*default*        0x0000000000000000 0xffffffffffffffff

Linker script and memory map

LOAD ./User/ch32v20x_it.o
LOAD ./User/main.o
LOAD ./User/system_ch32v20x.o
LOAD ./Startup/startup_ch32v20x_D8W.o
LOAD ./Peripheral/src/ch32v20x_adc.o
LOAD ./Peripheral/src/ch32v20x_bkp.o
LOAD ./Peripheral/src/ch32v20x_can.o
LOAD ./Peripheral/src/ch32v20x_crc.o
LOAD ./Peripheral/src/ch32v20x_dbgmcu.o
LOAD ./Peripheral/src/ch32v20x_dma.o
LOAD ./Peripheral/src/ch32v20x_exti.o
LOAD ./Peripheral/src/ch32v20x_flash.o
LOAD ./Peripheral/src/ch32v20x_gpio.o
LOAD ./Peripheral/src/ch32v20x_i2c.o
LOAD ./Peripheral/src/ch32v20x_iwdg.o
LOAD ./Peripheral/src/ch32v20x_misc.o
LOAD ./Peripheral/src/ch32v20x_opa.o
LOAD ./Peripheral/src/ch32v20x_pwr.o
LOAD ./Peripheral/src/ch32v20x_rcc.o
LOAD ./Peripheral/src/ch32v20x_rtc.o
LOAD ./Peripheral/src/ch32v20x_spi.o
LOAD ./Peripheral/src/ch32v20x_tim.o
LOAD ./Peripheral/src/ch32v20x_usart.o
LOAD ./Peripheral/src/ch32v20x_wwdg.o
LOAD ./Debug/debug.o
LOAD ./Core/core_riscv.o
LOAD c:/mounriver/mounriver_studio2/resources/app/resources/win32/components/wch/toolchain/risc-v embedded gcc/bin/../lib/gcc/riscv-none-embed/8.2.0/../../../../riscv-none-embed/lib/rv32imacxw/ilp32\libm.a
LOAD c:/mounriver/mounriver_studio2/resources/app/resources/win32/components/wch/toolchain/risc-v embedded gcc/bin/../lib/gcc/riscv-none-embed/8.2.0/rv32imacxw/ilp32\libgcc.a
LOAD c:/mounriver/mounriver_studio2/resources/app/resources/win32/components/wch/toolchain/risc-v embedded gcc/bin/../lib/gcc/riscv-none-embed/8.2.0/../../../../riscv-none-embed/lib/rv32imacxw/ilp32\libg_nano.a
LOAD c:/mounriver/mounriver_studio2/resources/app/resources/win32/components/wch/toolchain/risc-v embedded gcc/bin/../lib/gcc/riscv-none-embed/8.2.0/../../../../riscv-none-embed/lib/rv32imacxw/ilp32\libc_nano.a
LOAD c:/mounriver/mounriver_studio2/resources/app/resources/win32/components/wch/toolchain/risc-v embedded gcc/bin/../lib/gcc/riscv-none-embed/8.2.0/rv32imacxw/ilp32\libgcc.a
START GROUP
LOAD c:/mounriver/mounriver_studio2/resources/app/resources/win32/components/wch/toolchain/risc-v embedded gcc/bin/../lib/gcc/riscv-none-embed/8.2.0/rv32imacxw/ilp32\libgcc.a
LOAD c:/mounriver/mounriver_studio2/resources/app/resources/win32/components/wch/toolchain/risc-v embedded gcc/bin/../lib/gcc/riscv-none-embed/8.2.0/../../../../riscv-none-embed/lib/rv32imacxw/ilp32\libc_nano.a
LOAD c:/mounriver/mounriver_studio2/resources/app/resources/win32/components/wch/toolchain/risc-v embedded gcc/bin/../lib/gcc/riscv-none-embed/8.2.0/../../../../riscv-none-embed/lib/rv32imacxw/ilp32\libnosys.a
END GROUP
START GROUP
LOAD c:/mounriver/mounriver_studio2/resources/app/resources/win32/components/wch/toolchain/risc-v embedded gcc/bin/../lib/gcc/riscv-none-embed/8.2.0/rv32imacxw/ilp32\libgcc.a
LOAD c:/mounriver/mounriver_studio2/resources/app/resources/win32/components/wch/toolchain/risc-v embedded gcc/bin/../lib/gcc/riscv-none-embed/8.2.0/../../../../riscv-none-embed/lib/rv32imacxw/ilp32\libc_nano.a
LOAD c:/mounriver/mounriver_studio2/resources/app/resources/win32/components/wch/toolchain/risc-v embedded gcc/bin/../lib/gcc/riscv-none-embed/8.2.0/../../../../riscv-none-embed/lib/rv32imacxw/ilp32\libnosys.a
END GROUP
                0x0000000000000800                __stack_size = 0x800
                [!provide]                        PROVIDE (_stack_size = __stack_size)

.init           0x0000000000000000        0x4
                0x0000000000000000                _sinit = .
                0x0000000000000000                . = ALIGN (0x4)
 *(SORT_NONE(.init))
 .init          0x0000000000000000        0x4 ./Startup/startup_ch32v20x_D8W.o
                0x0000000000000000                _start
                0x0000000000000004                . = ALIGN (0x4)
                0x0000000000000004                _einit = .

.vector         0x0000000000000004      0x13c
 *(.vector)
 .vector        0x0000000000000004      0x118 ./Startup/startup_ch32v20x_D8W.o
                0x0000000000000140                . = ALIGN (0x40)
 *fill*         0x000000000000011c       0x24 

.text           0x0000000000000140     0x1e44
                0x0000000000000140                . = ALIGN (0x4)
 *(.text)
 .text          0x0000000000000140       0x60 c:/mounriver/mounriver_studio2/resources/app/resources/win32/components/wch/toolchain/risc-v embedded gcc/bin/../lib/gcc/riscv-none-embed/8.2.0/rv32imacxw/ilp32\libgcc.a(save-restore.o)
                0x0000000000000140                __riscv_save_12
                0x0000000000000148                __riscv_save_9
                0x0000000000000148                __riscv_save_11
                0x0000000000000148                __riscv_save_10
                0x0000000000000148                __riscv_save_8
                0x0000000000000156                __riscv_save_4
                0x0000000000000156                __riscv_save_6
                0x0000000000000156                __riscv_save_5
                0x0000000000000156                __riscv_save_7
                0x0000000000000170                __riscv_save_3
                0x0000000000000170                __riscv_save_2
                0x0000000000000170                __riscv_save_1
                0x0000000000000170                __riscv_save_0
                0x000000000000017c                __riscv_restore_12
                0x0000000000000180                __riscv_restore_11
                0x0000000000000180                __riscv_restore_9
                0x0000000000000180                __riscv_restore_10
                0x0000000000000180                __riscv_restore_8
                0x000000000000018a                __riscv_restore_5
                0x000000000000018a                __riscv_restore_7
                0x000000000000018a                __riscv_restore_6
                0x000000000000018a                __riscv_restore_4
                0x0000000000000194                __riscv_restore_3
                0x0000000000000194                __riscv_restore_0
                0x0000000000000194                __riscv_restore_2
                0x0000000000000194                __riscv_restore_1
 .text          0x00000000000001a0       0xa8 c:/mounriver/mounriver_studio2/resources/app/resources/win32/components/wch/toolchain/risc-v embedded gcc/bin/../lib/gcc/riscv-none-embed/8.2.0/../../../../riscv-none-embed/lib/rv32imacxw/ilp32\libg_nano.a(lib_a-memset.o)
                0x00000000000001a0                memset
 *(.text.*)
 .text.NMI_Handler
                0x0000000000000248        0x2 ./User/ch32v20x_it.o
                0x0000000000000248                NMI_Handler
 .text.HardFault_Handler
                0x000000000000024a       0x10 ./User/ch32v20x_it.o
                0x000000000000024a                HardFault_Handler
 .text.startup.main
                0x000000000000025a       0x46 ./User/main.o
                0x000000000000025a                main
 .text.SystemInit
                0x00000000000002a0       0xea ./User/system_ch32v20x.o
                0x00000000000002a0                SystemInit
 .text.SystemCoreClockUpdate
                0x000000000000038a       0xc4 ./User/system_ch32v20x.o
                0x000000000000038a                SystemCoreClockUpdate
 .text.vector_handler
                0x000000000000044e        0x2 ./Startup/startup_ch32v20x_D8W.o
                0x000000000000044e                EXTI2_IRQHandler
                0x000000000000044e                TIM1_CC_IRQHandler
                0x000000000000044e                SysTick_Handler
                0x000000000000044e                PVD_IRQHandler
                0x000000000000044e                EXTI3_IRQHandler
                0x000000000000044e                USBFS_IRQHandler
                0x000000000000044e                EXTI0_IRQHandler
                0x000000000000044e                I2C2_EV_IRQHandler
                0x000000000000044e                ADC1_2_IRQHandler
                0x000000000000044e                BB_IRQHandler
                0x000000000000044e                Break_Point_Handler
                0x000000000000044e                SPI1_IRQHandler
                0x000000000000044e                TAMPER_IRQHandler
                0x000000000000044e                OSCWakeUp_IRQHandler
                0x000000000000044e                Ecall_M_Mode_Handler
                0x000000000000044e                DMA1_Channel4_IRQHandler
                0x000000000000044e                USART3_IRQHandler
                0x000000000000044e                RTC_IRQHandler
                0x000000000000044e                DMA1_Channel7_IRQHandler
                0x000000000000044e                CAN1_RX1_IRQHandler
                0x000000000000044e                TIM4_IRQHandler
                0x000000000000044e                I2C1_EV_IRQHandler
                0x000000000000044e                DMA1_Channel6_IRQHandler
                0x000000000000044e                UART4_IRQHandler
                0x000000000000044e                TIM3_IRQHandler
                0x000000000000044e                RCC_IRQHandler
                0x000000000000044e                TIM1_TRG_COM_IRQHandler
                0x000000000000044e                DMA1_Channel1_IRQHandler
                0x000000000000044e                EXTI15_10_IRQHandler
                0x000000000000044e                DMA1_Channel8_IRQHandler
                0x000000000000044e                TIM5_IRQHandler
                0x000000000000044e                EXTI9_5_IRQHandler
                0x000000000000044e                SPI2_IRQHandler
                0x000000000000044e                OSC32KCal_IRQHandler
                0x000000000000044e                DMA1_Channel5_IRQHandler
                0x000000000000044e                EXTI4_IRQHandler
                0x000000000000044e                USB_LP_CAN1_RX0_IRQHandler
                0x000000000000044e                USB_HP_CAN1_TX_IRQHandler
                0x000000000000044e                LLE_IRQHandler
                0x000000000000044e                DMA1_Channel3_IRQHandler
                0x000000000000044e                ETH_IRQHandler
                0x000000000000044e                TIM1_UP_IRQHandler
                0x000000000000044e                WWDG_IRQHandler
                0x000000000000044e                Ecall_U_Mode_Handler
                0x000000000000044e                TIM2_IRQHandler
                0x000000000000044e                SW_Handler
                0x000000000000044e                TIM1_BRK_IRQHandler
                0x000000000000044e                EXTI1_IRQHandler
                0x000000000000044e                RTCAlarm_IRQHandler
                0x000000000000044e                USART2_IRQHandler
                0x000000000000044e                ETHWakeUp_IRQHandler
                0x000000000000044e                I2C2_ER_IRQHandler
                0x000000000000044e                DMA1_Channel2_IRQHandler
                0x000000000000044e                CAN1_SCE_IRQHandler
                0x000000000000044e                FLASH_IRQHandler
                0x000000000000044e                USBFSWakeUp_IRQHandler
                0x000000000000044e                USART1_IRQHandler
                0x000000000000044e                I2C1_ER_IRQHandler
                0x000000000000044e                USBWakeUp_IRQHandler
 .text.handle_reset
                0x0000000000000450       0x86 ./Startup/startup_ch32v20x_D8W.o
                0x0000000000000450                handle_reset
 .text.DBGMCU_GetCHIPID
                0x00000000000004d6        0xa ./Peripheral/src/ch32v20x_dbgmcu.o
                0x00000000000004d6                DBGMCU_GetCHIPID
 .text.GPIO_Init
                0x00000000000004e0       0xc0 ./Peripheral/src/ch32v20x_gpio.o
                0x00000000000004e0                GPIO_Init
 .text.NVIC_PriorityGroupConfig
                0x00000000000005a0        0x6 ./Peripheral/src/ch32v20x_misc.o
                0x00000000000005a0                NVIC_PriorityGroupConfig
 .text.RCC_GetClocksFreq
                0x00000000000005a6       0xde ./Peripheral/src/ch32v20x_rcc.o
                0x00000000000005a6                RCC_GetClocksFreq
 .text.RCC_APB2PeriphClockCmd
                0x0000000000000684       0x1e ./Peripheral/src/ch32v20x_rcc.o
                0x0000000000000684                RCC_APB2PeriphClockCmd
 .text.RCC_APB1PeriphClockCmd
                0x00000000000006a2       0x1e ./Peripheral/src/ch32v20x_rcc.o
                0x00000000000006a2                RCC_APB1PeriphClockCmd
 .text.RCC_USB5PRE_JUDGE
                0x00000000000006c0        0x4 ./Peripheral/src/ch32v20x_rcc.o
                0x00000000000006c0                RCC_USB5PRE_JUDGE
 .text.USART_Init
                0x00000000000006c4       0xa2 ./Peripheral/src/ch32v20x_usart.o
                0x00000000000006c4                USART_Init
 .text.USART_Cmd
                0x0000000000000766       0x16 ./Peripheral/src/ch32v20x_usart.o
                0x0000000000000766                USART_Cmd
 .text.USART_SendData
                0x000000000000077c        0x8 ./Peripheral/src/ch32v20x_usart.o
                0x000000000000077c                USART_SendData
 .text.USART_GetFlagStatus
                0x0000000000000784        0xa ./Peripheral/src/ch32v20x_usart.o
                0x0000000000000784                USART_GetFlagStatus
 .text.Delay_Init
                0x000000000000078e       0x2a ./Debug/debug.o
                0x000000000000078e                Delay_Init
 .text.USART_Printf_Init
                0x00000000000007b8       0x54 ./Debug/debug.o
                0x00000000000007b8                USART_Printf_Init
 .text._write   0x000000000000080c       0x38 ./Debug/debug.o
                0x000000000000080c                _write
 .text._sbrk    0x0000000000000844       0x26 ./Debug/debug.o
                0x0000000000000844                _sbrk
 .text.__udivdi3
                0x000000000000086a      0x392 c:/mounriver/mounriver_studio2/resources/app/resources/win32/components/wch/toolchain/risc-v embedded gcc/bin/../lib/gcc/riscv-none-embed/8.2.0/rv32imacxw/ilp32\libgcc.a(_udivdi3.o)
                0x000000000000086a                __udivdi3
 .text.printf   0x0000000000000bfc       0x40 c:/mounriver/mounriver_studio2/resources/app/resources/win32/components/wch/toolchain/risc-v embedded gcc/bin/../lib/gcc/riscv-none-embed/8.2.0/../../../../riscv-none-embed/lib/rv32imacxw/ilp32\libg_nano.a(lib_a-printf.o)
                0x0000000000000bfc                iprintf
                0x0000000000000bfc                printf
 .text._puts_r  0x0000000000000c3c       0xd4 c:/mounriver/mounriver_studio2/resources/app/resources/win32/components/wch/toolchain/risc-v embedded gcc/bin/../lib/gcc/riscv-none-embed/8.2.0/../../../../riscv-none-embed/lib/rv32imacxw/ilp32\libg_nano.a(lib_a-puts.o)
                0x0000000000000c3c                _puts_r
 .text.puts     0x0000000000000d10        0xa c:/mounriver/mounriver_studio2/resources/app/resources/win32/components/wch/toolchain/risc-v embedded gcc/bin/../lib/gcc/riscv-none-embed/8.2.0/../../../../riscv-none-embed/lib/rv32imacxw/ilp32\libg_nano.a(lib_a-puts.o)
                0x0000000000000d10                puts
 .text.__swbuf_r
                0x0000000000000d1a       0xbc c:/mounriver/mounriver_studio2/resources/app/resources/win32/components/wch/toolchain/risc-v embedded gcc/bin/../lib/gcc/riscv-none-embed/8.2.0/../../../../riscv-none-embed/lib/rv32imacxw/ilp32\libg_nano.a(lib_a-wbuf.o)
                0x0000000000000d1a                __swbuf_r
 .text.__swsetup_r
                0x0000000000000dd6       0xfc c:/mounriver/mounriver_studio2/resources/app/resources/win32/components/wch/toolchain/risc-v embedded gcc/bin/../lib/gcc/riscv-none-embed/8.2.0/../../../../riscv-none-embed/lib/rv32imacxw/ilp32\libg_nano.a(lib_a-wsetup.o)
                0x0000000000000dd6                __swsetup_r
 .text.__sflush_r
                0x0000000000000ed2      0x130 c:/mounriver/mounriver_studio2/resources/app/resources/win32/components/wch/toolchain/risc-v embedded gcc/bin/../lib/gcc/riscv-none-embed/8.2.0/../../../../riscv-none-embed/lib/rv32imacxw/ilp32\libg_nano.a(lib_a-fflush.o)
                0x0000000000000ed2                __sflush_r
 .text._fflush_r
                0x0000000000001002       0x64 c:/mounriver/mounriver_studio2/resources/app/resources/win32/components/wch/toolchain/risc-v embedded gcc/bin/../lib/gcc/riscv-none-embed/8.2.0/../../../../riscv-none-embed/lib/rv32imacxw/ilp32\libg_nano.a(lib_a-fflush.o)
                0x0000000000001002                _fflush_r
 .text.std      0x0000000000001066       0x66 c:/mounriver/mounriver_studio2/resources/app/resources/win32/components/wch/toolchain/risc-v embedded gcc/bin/../lib/gcc/riscv-none-embed/8.2.0/../../../../riscv-none-embed/lib/rv32imacxw/ilp32\libg_nano.a(lib_a-findfp.o)
 .text._cleanup_r
                0x00000000000010cc        0xa c:/mounriver/mounriver_studio2/resources/app/resources/win32/components/wch/toolchain/risc-v embedded gcc/bin/../lib/gcc/riscv-none-embed/8.2.0/../../../../riscv-none-embed/lib/rv32imacxw/ilp32\libg_nano.a(lib_a-findfp.o)
                0x00000000000010cc                _cleanup_r
 .text.__sfmoreglue
                0x00000000000010d6       0x46 c:/mounriver/mounriver_studio2/resources/app/resources/win32/components/wch/toolchain/risc-v embedded gcc/bin/../lib/gcc/riscv-none-embed/8.2.0/../../../../riscv-none-embed/lib/rv32imacxw/ilp32\libg_nano.a(lib_a-findfp.o)
                0x00000000000010d6                __sfmoreglue
 .text.__sinit  0x000000000000111c       0x66 c:/mounriver/mounriver_studio2/resources/app/resources/win32/components/wch/toolchain/risc-v embedded gcc/bin/../lib/gcc/riscv-none-embed/8.2.0/../../../../riscv-none-embed/lib/rv32imacxw/ilp32\libg_nano.a(lib_a-findfp.o)
                0x000000000000111c                __sinit
 .text.__sfp    0x0000000000001182       0x9c c:/mounriver/mounriver_studio2/resources/app/resources/win32/components/wch/toolchain/risc-v embedded gcc/bin/../lib/gcc/riscv-none-embed/8.2.0/../../../../riscv-none-embed/lib/rv32imacxw/ilp32\libg_nano.a(lib_a-findfp.o)
                0x0000000000001182                __sfp
 .text._fwalk_reent
                0x000000000000121e       0x6a c:/mounriver/mounriver_studio2/resources/app/resources/win32/components/wch/toolchain/risc-v embedded gcc/bin/../lib/gcc/riscv-none-embed/8.2.0/../../../../riscv-none-embed/lib/rv32imacxw/ilp32\libg_nano.a(lib_a-fwalk.o)
                0x000000000000121e                _fwalk_reent
 .text.__swhatbuf_r
                0x0000000000001288       0x58 c:/mounriver/mounriver_studio2/resources/app/resources/win32/components/wch/toolchain/risc-v embedded gcc/bin/../lib/gcc/riscv-none-embed/8.2.0/../../../../riscv-none-embed/lib/rv32imacxw/ilp32\libg_nano.a(lib_a-makebuf.o)
                0x0000000000001288                __swhatbuf_r
 .text.__smakebuf_r
                0x00000000000012e0       0x90 c:/mounriver/mounriver_studio2/resources/app/resources/win32/components/wch/toolchain/risc-v embedded gcc/bin/../lib/gcc/riscv-none-embed/8.2.0/../../../../riscv-none-embed/lib/rv32imacxw/ilp32\libg_nano.a(lib_a-makebuf.o)
                0x00000000000012e0                __smakebuf_r
 .text._free_r  0x0000000000001370       0xa8 c:/mounriver/mounriver_studio2/resources/app/resources/win32/components/wch/toolchain/risc-v embedded gcc/bin/../lib/gcc/riscv-none-embed/8.2.0/../../../../riscv-none-embed/lib/rv32imacxw/ilp32\libg_nano.a(lib_a-nano-freer.o)
                0x0000000000001370                _free_r
 .text._malloc_r
                0x0000000000001418       0xd4 c:/mounriver/mounriver_studio2/resources/app/resources/win32/components/wch/toolchain/risc-v embedded gcc/bin/../lib/gcc/riscv-none-embed/8.2.0/../../../../riscv-none-embed/lib/rv32imacxw/ilp32\libg_nano.a(lib_a-nano-mallocr.o)
                0x0000000000001418                _malloc_r
 .text.__sfputc_r
                0x00000000000014ec       0x28 c:/mounriver/mounriver_studio2/resources/app/resources/win32/components/wch/toolchain/risc-v embedded gcc/bin/../lib/gcc/riscv-none-embed/8.2.0/../../../../riscv-none-embed/lib/rv32imacxw/ilp32\libg_nano.a(lib_a-nano-vfprintf.o)
 .text.__sfputs_r
                0x0000000000001514       0x40 c:/mounriver/mounriver_studio2/resources/app/resources/win32/components/wch/toolchain/risc-v embedded gcc/bin/../lib/gcc/riscv-none-embed/8.2.0/../../../../riscv-none-embed/lib/rv32imacxw/ilp32\libg_nano.a(lib_a-nano-vfprintf.o)
                0x0000000000001514                __sfputs_r
 .text._vfprintf_r
                0x0000000000001554      0x284 c:/mounriver/mounriver_studio2/resources/app/resources/win32/components/wch/toolchain/risc-v embedded gcc/bin/../lib/gcc/riscv-none-embed/8.2.0/../../../../riscv-none-embed/lib/rv32imacxw/ilp32\libg_nano.a(lib_a-nano-vfprintf.o)
                0x0000000000001554                _vfprintf_r
                0x0000000000001554                _vfiprintf_r
 .text._printf_common
                0x00000000000017d8      0x10c c:/mounriver/mounriver_studio2/resources/app/resources/win32/components/wch/toolchain/risc-v embedded gcc/bin/../lib/gcc/riscv-none-embed/8.2.0/../../../../riscv-none-embed/lib/rv32imacxw/ilp32\libg_nano.a(lib_a-nano-vfprintf_i.o)
                0x00000000000017d8                _printf_common
 .text._printf_i
                0x00000000000018e4      0x2a0 c:/mounriver/mounriver_studio2/resources/app/resources/win32/components/wch/toolchain/risc-v embedded gcc/bin/../lib/gcc/riscv-none-embed/8.2.0/../../../../riscv-none-embed/lib/rv32imacxw/ilp32\libg_nano.a(lib_a-nano-vfprintf_i.o)
                0x00000000000018e4                _printf_i
 .text._sbrk_r  0x0000000000001b84       0x2a c:/mounriver/mounriver_studio2/resources/app/resources/win32/components/wch/toolchain/risc-v embedded gcc/bin/../lib/gcc/riscv-none-embed/8.2.0/../../../../riscv-none-embed/lib/rv32imacxw/ilp32\libg_nano.a(lib_a-sbrkr.o)
                0x0000000000001b84                _sbrk_r
 .text.__sread  0x0000000000001bae       0x2c c:/mounriver/mounriver_studio2/resources/app/resources/win32/components/wch/toolchain/risc-v embedded gcc/bin/../lib/gcc/riscv-none-embed/8.2.0/../../../../riscv-none-embed/lib/rv32imacxw/ilp32\libg_nano.a(lib_a-stdio.o)
                0x0000000000001bae                __sread
 .text.__swrite
                0x0000000000001bda       0x48 c:/mounriver/mounriver_studio2/resources/app/resources/win32/components/wch/toolchain/risc-v embedded gcc/bin/../lib/gcc/riscv-none-embed/8.2.0/../../../../riscv-none-embed/lib/rv32imacxw/ilp32\libg_nano.a(lib_a-stdio.o)
                0x0000000000001bda                __swrite
 .text.__sseek  0x0000000000001c22       0x30 c:/mounriver/mounriver_studio2/resources/app/resources/win32/components/wch/toolchain/risc-v embedded gcc/bin/../lib/gcc/riscv-none-embed/8.2.0/../../../../riscv-none-embed/lib/rv32imacxw/ilp32\libg_nano.a(lib_a-stdio.o)
                0x0000000000001c22                __sseek
 .text.__sclose
                0x0000000000001c52        0x6 c:/mounriver/mounriver_studio2/resources/app/resources/win32/components/wch/toolchain/risc-v embedded gcc/bin/../lib/gcc/riscv-none-embed/8.2.0/../../../../riscv-none-embed/lib/rv32imacxw/ilp32\libg_nano.a(lib_a-stdio.o)
                0x0000000000001c52                __sclose
 .text._write_r
                0x0000000000001c58       0x2e c:/mounriver/mounriver_studio2/resources/app/resources/win32/components/wch/toolchain/risc-v embedded gcc/bin/../lib/gcc/riscv-none-embed/8.2.0/../../../../riscv-none-embed/lib/rv32imacxw/ilp32\libg_nano.a(lib_a-writer.o)
                0x0000000000001c58                _write_r
 .text._close_r
                0x0000000000001c86       0x28 c:/mounriver/mounriver_studio2/resources/app/resources/win32/components/wch/toolchain/risc-v embedded gcc/bin/../lib/gcc/riscv-none-embed/8.2.0/../../../../riscv-none-embed/lib/rv32imacxw/ilp32\libg_nano.a(lib_a-closer.o)
                0x0000000000001c86                _close_r
 .text._fstat_r
                0x0000000000001cae       0x2a c:/mounriver/mounriver_studio2/resources/app/resources/win32/components/wch/toolchain/risc-v embedded gcc/bin/../lib/gcc/riscv-none-embed/8.2.0/../../../../riscv-none-embed/lib/rv32imacxw/ilp32\libg_nano.a(lib_a-fstatr.o)
                0x0000000000001cae                _fstat_r
 .text._isatty_r
                0x0000000000001cd8       0x28 c:/mounriver/mounriver_studio2/resources/app/resources/win32/components/wch/toolchain/risc-v embedded gcc/bin/../lib/gcc/riscv-none-embed/8.2.0/../../../../riscv-none-embed/lib/rv32imacxw/ilp32\libg_nano.a(lib_a-isattyr.o)
                0x0000000000001cd8                _isatty_r
 .text._lseek_r
                0x0000000000001d00       0x2c c:/mounriver/mounriver_studio2/resources/app/resources/win32/components/wch/toolchain/risc-v embedded gcc/bin/../lib/gcc/riscv-none-embed/8.2.0/../../../../riscv-none-embed/lib/rv32imacxw/ilp32\libg_nano.a(lib_a-lseekr.o)
                0x0000000000001d00                _lseek_r
 .text.memchr   0x0000000000001d2c       0x18 c:/mounriver/mounriver_studio2/resources/app/resources/win32/components/wch/toolchain/risc-v embedded gcc/bin/../lib/gcc/riscv-none-embed/8.2.0/../../../../riscv-none-embed/lib/rv32imacxw/ilp32\libg_nano.a(lib_a-memchr.o)
                0x0000000000001d2c                memchr
 .text.__malloc_lock
                0x0000000000001d44        0x2 c:/mounriver/mounriver_studio2/resources/app/resources/win32/components/wch/toolchain/risc-v embedded gcc/bin/../lib/gcc/riscv-none-embed/8.2.0/../../../../riscv-none-embed/lib/rv32imacxw/ilp32\libg_nano.a(lib_a-mlock.o)
                0x0000000000001d44                __malloc_lock
 .text.__malloc_unlock
                0x0000000000001d46        0x2 c:/mounriver/mounriver_studio2/resources/app/resources/win32/components/wch/toolchain/risc-v embedded gcc/bin/../lib/gcc/riscv-none-embed/8.2.0/../../../../riscv-none-embed/lib/rv32imacxw/ilp32\libg_nano.a(lib_a-mlock.o)
                0x0000000000001d46                __malloc_unlock
 .text._read_r  0x0000000000001d48       0x2c c:/mounriver/mounriver_studio2/resources/app/resources/win32/components/wch/toolchain/risc-v embedded gcc/bin/../lib/gcc/riscv-none-embed/8.2.0/../../../../riscv-none-embed/lib/rv32imacxw/ilp32\libg_nano.a(lib_a-readr.o)
                0x0000000000001d48                _read_r
 .text._close   0x0000000000001d74        0xc c:/mounriver/mounriver_studio2/resources/app/resources/win32/components/wch/toolchain/risc-v embedded gcc/bin/../lib/gcc/riscv-none-embed/8.2.0/../../../../riscv-none-embed/lib/rv32imacxw/ilp32\libnosys.a(close.o)
                0x0000000000001d74                _close
 .text._fstat   0x0000000000001d80        0xc c:/mounriver/mounriver_studio2/resources/app/resources/win32/components/wch/toolchain/risc-v embedded gcc/bin/../lib/gcc/riscv-none-embed/8.2.0/../../../../riscv-none-embed/lib/rv32imacxw/ilp32\libnosys.a(fstat.o)
                0x0000000000001d80                _fstat
 .text._isatty  0x0000000000001d8c        0xc c:/mounriver/mounriver_studio2/resources/app/resources/win32/components/wch/toolchain/risc-v embedded gcc/bin/../lib/gcc/riscv-none-embed/8.2.0/../../../../riscv-none-embed/lib/rv32imacxw/ilp32\libnosys.a(isatty.o)
                0x0000000000001d8c                _isatty
 .text._lseek   0x0000000000001d98        0xc c:/mounriver/mounriver_studio2/resources/app/resources/win32/components/wch/toolchain/risc-v embedded gcc/bin/../lib/gcc/riscv-none-embed/8.2.0/../../../../riscv-none-embed/lib/rv32imacxw/ilp32\libnosys.a(lseek.o)
                0x0000000000001d98                _lseek
 .text._read    0x0000000000001da4        0xc c:/mounriver/mounriver_studio2/resources/app/resources/win32/components/wch/toolchain/risc-v embedded gcc/bin/../lib/gcc/riscv-none-embed/8.2.0/../../../../riscv-none-embed/lib/rv32imacxw/ilp32\libnosys.a(read.o)
                0x0000000000001da4                _read
 *(.rodata)
 *(.rodata*)
 .rodata.main.str1.4
                0x0000000000001db0       0x38 ./User/main.o
 .rodata.__clz_tab
                0x0000000000001de8      0x100 c:/mounriver/mounriver_studio2/resources/app/resources/win32/components/wch/toolchain/risc-v embedded gcc/bin/../lib/gcc/riscv-none-embed/8.2.0/rv32imacxw/ilp32\libgcc.a(_clz.o)
                0x0000000000001de8                __clz_tab
 .rodata.__sf_fake_stderr
                0x0000000000001ee8       0x20 c:/mounriver/mounriver_studio2/resources/app/resources/win32/components/wch/toolchain/risc-v embedded gcc/bin/../lib/gcc/riscv-none-embed/8.2.0/../../../../riscv-none-embed/lib/rv32imacxw/ilp32\libg_nano.a(lib_a-findfp.o)
                0x0000000000001ee8                __sf_fake_stderr
 .rodata.__sf_fake_stdin
                0x0000000000001f08       0x20 c:/mounriver/mounriver_studio2/resources/app/resources/win32/components/wch/toolchain/risc-v embedded gcc/bin/../lib/gcc/riscv-none-embed/8.2.0/../../../../riscv-none-embed/lib/rv32imacxw/ilp32\libg_nano.a(lib_a-findfp.o)
                0x0000000000001f08                __sf_fake_stdin
 .rodata.__sf_fake_stdout
                0x0000000000001f28       0x20 c:/mounriver/mounriver_studio2/resources/app/resources/win32/components/wch/toolchain/risc-v embedded gcc/bin/../lib/gcc/riscv-none-embed/8.2.0/../../../../riscv-none-embed/lib/rv32imacxw/ilp32\libg_nano.a(lib_a-findfp.o)
                0x0000000000001f28                __sf_fake_stdout
 .rodata._vfprintf_r.str1.4
                0x0000000000001f48       0x13 c:/mounriver/mounriver_studio2/resources/app/resources/win32/components/wch/toolchain/risc-v embedded gcc/bin/../lib/gcc/riscv-none-embed/8.2.0/../../../../riscv-none-embed/lib/rv32imacxw/ilp32\libg_nano.a(lib_a-nano-vfprintf.o)
 *fill*         0x0000000000001f5b        0x1 
 .rodata._printf_i.str1.4
                0x0000000000001f5c       0x28 c:/mounriver/mounriver_studio2/resources/app/resources/win32/components/wch/toolchain/risc-v embedded gcc/bin/../lib/gcc/riscv-none-embed/8.2.0/../../../../riscv-none-embed/lib/rv32imacxw/ilp32\libg_nano.a(lib_a-nano-vfprintf_i.o)
                                         0x25 (size before relaxing)
 *(.gnu.linkonce.t.*)
                0x0000000000001f84                . = ALIGN (0x4)

.rela.dyn       0x0000000000001f84        0x0
 .rela.init     0x0000000000001f84        0x0 ./User/ch32v20x_it.o
 .rela.vector   0x0000000000001f84        0x0 ./User/ch32v20x_it.o
 .rela.text.handle_reset
                0x0000000000001f84        0x0 ./User/ch32v20x_it.o
 .rela.text._sbrk
                0x0000000000001f84        0x0 ./User/ch32v20x_it.o
 .rela.sdata.curbrk.4795
                0x0000000000001f84        0x0 ./User/ch32v20x_it.o
 .rela.text._vfprintf_r
                0x0000000000001f84        0x0 ./User/ch32v20x_it.o
 .rela.text._sbrk_r
                0x0000000000001f84        0x0 ./User/ch32v20x_it.o
 .rela.text._write_r
                0x0000000000001f84        0x0 ./User/ch32v20x_it.o
 .rela.text._close_r
                0x0000000000001f84        0x0 ./User/ch32v20x_it.o
 .rela.text._fstat_r
                0x0000000000001f84        0x0 ./User/ch32v20x_it.o
 .rela.text._isatty_r
                0x0000000000001f84        0x0 ./User/ch32v20x_it.o
 .rela.text._lseek_r
                0x0000000000001f84        0x0 ./User/ch32v20x_it.o
 .rela.text._read_r
                0x0000000000001f84        0x0 ./User/ch32v20x_it.o
 .rela.text._close
                0x0000000000001f84        0x0 ./User/ch32v20x_it.o
 .rela.text._fstat
                0x0000000000001f84        0x0 ./User/ch32v20x_it.o
 .rela.text._isatty
                0x0000000000001f84        0x0 ./User/ch32v20x_it.o
 .rela.text._lseek
                0x0000000000001f84        0x0 ./User/ch32v20x_it.o
 .rela.text._read
                0x0000000000001f84        0x0 ./User/ch32v20x_it.o

.fini           0x0000000000001f84        0x0
 *(SORT_NONE(.fini))
                0x0000000000001f84                . = ALIGN (0x4)
                [!provide]                        PROVIDE (_etext = .)
                [!provide]                        PROVIDE (_eitcm = .)

.preinit_array  0x0000000000001f84        0x0
                [!provide]                        PROVIDE (__preinit_array_start = .)
 *(.preinit_array)
                [!provide]                        PROVIDE (__preinit_array_end = .)

.init_array     0x0000000000001f84        0x0
                [!provide]                        PROVIDE (__init_array_start = .)
 *(SORT_BY_INIT_PRIORITY(.init_array.*) SORT_BY_INIT_PRIORITY(.ctors.*))
 *(.init_array EXCLUDE_FILE(*crtend?.o *crtend.o *crtbegin?.o *crtbegin.o) .ctors)
                [!provide]                        PROVIDE (__init_array_end = .)

.fini_array     0x0000000000001f84        0x0
                [!provide]                        PROVIDE (__fini_array_start = .)
 *(SORT_BY_INIT_PRIORITY(.fini_array.*) SORT_BY_INIT_PRIORITY(.dtors.*))
 *(.fini_array EXCLUDE_FILE(*crtend?.o *crtend.o *crtbegin?.o *crtbegin.o) .dtors)
                [!provide]                        PROVIDE (__fini_array_end = .)

.ctors
 *crtbegin.o(.ctors)
 *crtbegin?.o(.ctors)
 *(EXCLUDE_FILE(*crtend?.o *crtend.o) .ctors)
 *(SORT_BY_NAME(.ctors.*))
 *(.ctors)

.dtors
 *crtbegin.o(.dtors)
 *crtbegin?.o(.dtors)
 *(EXCLUDE_FILE(*crtend?.o *crtend.o) .dtors)
 *(SORT_BY_NAME(.dtors.*))
 *(.dtors)

.dalign         0x0000000020000000        0x0 load address 0x0000000000001f84
                0x0000000020000000                . = ALIGN (0x4)
                0x0000000020000000                PROVIDE (_data_vma = .)

.dlalign        0x0000000000001f84        0x0
                0x0000000000001f84                . = ALIGN (0x4)
                0x0000000000001f84                PROVIDE (_data_lma = .)

.data           0x0000000020000000       0x98 load address 0x0000000000001f84
 *(.gnu.linkonce.r.*)
 *(.data .data.*)
 .data.AHBPrescTable
                0x0000000020000000       0x10 ./User/system_ch32v20x.o
                0x0000000020000000                AHBPrescTable
 .data.APBAHBPrescTable
                0x0000000020000010       0x10 ./Peripheral/src/ch32v20x_rcc.o
 .data.impure_data
                0x0000000020000020       0x60 c:/mounriver/mounriver_studio2/resources/app/resources/win32/components/wch/toolchain/risc-v embedded gcc/bin/../lib/gcc/riscv-none-embed/8.2.0/../../../../riscv-none-embed/lib/rv32imacxw/ilp32\libg_nano.a(lib_a-impure.o)
 *(.gnu.linkonce.d.*)
                0x0000000020000080                . = ALIGN (0x8)
                0x0000000020000880                PROVIDE (__global_pointer$ = (. + 0x800))
 *(.sdata .sdata.*)
 .sdata.SystemCoreClock
                0x0000000020000080        0x4 ./User/system_ch32v20x.o
                0x0000000020000080                SystemCoreClock
 .sdata.ADCPrescTable
                0x0000000020000084        0x4 ./Peripheral/src/ch32v20x_rcc.o
 .sdata.curbrk.4795
                0x0000000020000088        0x4 ./Debug/debug.o
 .sdata._impure_ptr
                0x000000002000008c        0x4 c:/mounriver/mounriver_studio2/resources/app/resources/win32/components/wch/toolchain/risc-v embedded gcc/bin/../lib/gcc/riscv-none-embed/8.2.0/../../../../riscv-none-embed/lib/rv32imacxw/ilp32\libg_nano.a(lib_a-impure.o)
                0x000000002000008c                _impure_ptr
 *(.sdata2.*)
 .sdata2._global_impure_ptr
                0x0000000020000090        0x4 c:/mounriver/mounriver_studio2/resources/app/resources/win32/components/wch/toolchain/risc-v embedded gcc/bin/../lib/gcc/riscv-none-embed/8.2.0/../../../../riscv-none-embed/lib/rv32imacxw/ilp32\libg_nano.a(lib_a-impure.o)
                0x0000000020000090                _global_impure_ptr
 *(.gnu.linkonce.s.*)
                0x0000000020000098                . = ALIGN (0x8)
 *fill*         0x0000000020000094        0x4 
 *(.srodata.cst16)
 *(.srodata.cst8)
 *(.srodata.cst4)
 *(.srodata.cst2)
 *(.srodata .srodata.*)
                0x0000000020000098                . = ALIGN (0x4)
                0x0000000020000098                PROVIDE (_edata = .)

.bss            0x0000000020000098       0x14 load address 0x000000000000201c
                0x0000000020000098                . = ALIGN (0x4)
                0x0000000020000098                PROVIDE (_sbss = .)
 *(.sbss*)
 .sbss.NVIC_Priority_Group
                0x0000000020000098        0x4 ./Peripheral/src/ch32v20x_misc.o
                0x0000000020000098                NVIC_Priority_Group
 .sbss.p_ms     0x000000002000009c        0x2 ./Debug/debug.o
 .sbss.p_us     0x000000002000009e        0x1 ./Debug/debug.o
 *fill*         0x000000002000009f        0x1 
 .sbss.__malloc_free_list
                0x00000000200000a0        0x4 c:/mounriver/mounriver_studio2/resources/app/resources/win32/components/wch/toolchain/risc-v embedded gcc/bin/../lib/gcc/riscv-none-embed/8.2.0/../../../../riscv-none-embed/lib/rv32imacxw/ilp32\libg_nano.a(lib_a-nano-mallocr.o)
                0x00000000200000a0                __malloc_free_list
 .sbss.__malloc_sbrk_start
                0x00000000200000a4        0x4 c:/mounriver/mounriver_studio2/resources/app/resources/win32/components/wch/toolchain/risc-v embedded gcc/bin/../lib/gcc/riscv-none-embed/8.2.0/../../../../riscv-none-embed/lib/rv32imacxw/ilp32\libg_nano.a(lib_a-nano-mallocr.o)
                0x00000000200000a4                __malloc_sbrk_start
 *(.gnu.linkonce.sb.*)
 *(.bss*)
 *(.gnu.linkonce.b.*)
 *(COMMON*)
 COMMON         0x00000000200000a8        0x4 c:/mounriver/mounriver_studio2/resources/app/resources/win32/components/wch/toolchain/risc-v embedded gcc/bin/../lib/gcc/riscv-none-embed/8.2.0/../../../../riscv-none-embed/lib/rv32imacxw/ilp32\libg_nano.a(lib_a-reent.o)
                0x00000000200000a8                errno
                0x00000000200000ac                . = ALIGN (0x4)
                0x00000000200000ac                PROVIDE (_ebss = .)
                0x00000000200000ac                PROVIDE (_end = _ebss)
                [!provide]                        PROVIDE (end = .)

.stack          0x0000000020007800      0x800
                0x0000000020007800                PROVIDE (_heap_end = .)
                0x0000000020007800                . = ALIGN (0x4)
                [!provide]                        PROVIDE (_susrstack = .)
                0x0000000020008000                . = (. + __stack_size)
 *fill*         0x0000000020007800      0x800 
                0x0000000020008000                PROVIDE (_eusrstack = .)
OUTPUT(CH32V208GBU.elf elf32-littleriscv)

.debug_info     0x0000000000000000     0x818b
 .debug_info    0x0000000000000000      0xbc0 ./User/ch32v20x_it.o
 .debug_info    0x0000000000000bc0      0xa31 ./User/main.o
 .debug_info    0x00000000000015f1      0xba2 ./User/system_ch32v20x.o
 .debug_info    0x0000000000002193       0x22 ./Startup/startup_ch32v20x_D8W.o
 .debug_info    0x00000000000021b5      0xa94 ./Peripheral/src/ch32v20x_dbgmcu.o
 .debug_info    0x0000000000002c49     0x118b ./Peripheral/src/ch32v20x_gpio.o
 .debug_info    0x0000000000003dd4      0xe91 ./Peripheral/src/ch32v20x_misc.o
 .debug_info    0x0000000000004c65     0x1279 ./Peripheral/src/ch32v20x_rcc.o
 .debug_info    0x0000000000005ede     0x135c ./Peripheral/src/ch32v20x_usart.o
 .debug_info    0x000000000000723a      0xf51 ./Debug/debug.o

.debug_abbrev   0x0000000000000000     0x19bc
 .debug_abbrev  0x0000000000000000      0x22c ./User/ch32v20x_it.o
 .debug_abbrev  0x000000000000022c      0x226 ./User/main.o
 .debug_abbrev  0x0000000000000452      0x2c4 ./User/system_ch32v20x.o
 .debug_abbrev  0x0000000000000716       0x12 ./Startup/startup_ch32v20x_D8W.o
 .debug_abbrev  0x0000000000000728      0x2f7 ./Peripheral/src/ch32v20x_dbgmcu.o
 .debug_abbrev  0x0000000000000a1f      0x338 ./Peripheral/src/ch32v20x_gpio.o
 .debug_abbrev  0x0000000000000d57      0x2e1 ./Peripheral/src/ch32v20x_misc.o
 .debug_abbrev  0x0000000000001038      0x374 ./Peripheral/src/ch32v20x_rcc.o
 .debug_abbrev  0x00000000000013ac      0x32e ./Peripheral/src/ch32v20x_usart.o
 .debug_abbrev  0x00000000000016da      0x2e2 ./Debug/debug.o

.debug_aranges  0x0000000000000000      0x430
 .debug_aranges
                0x0000000000000000       0x28 ./User/ch32v20x_it.o
 .debug_aranges
                0x0000000000000028       0x20 ./User/main.o
 .debug_aranges
                0x0000000000000048       0x28 ./User/system_ch32v20x.o
 .debug_aranges
                0x0000000000000070       0x30 ./Startup/startup_ch32v20x_D8W.o
 .debug_aranges
                0x00000000000000a0       0x48 ./Peripheral/src/ch32v20x_dbgmcu.o
 .debug_aranges
                0x00000000000000e8       0xb0 ./Peripheral/src/ch32v20x_gpio.o
 .debug_aranges
                0x0000000000000198       0x28 ./Peripheral/src/ch32v20x_misc.o
 .debug_aranges
                0x00000000000001c0      0x130 ./Peripheral/src/ch32v20x_rcc.o
 .debug_aranges
                0x00000000000002f0       0xf0 ./Peripheral/src/ch32v20x_usart.o
 .debug_aranges
                0x00000000000003e0       0x50 ./Debug/debug.o

.debug_ranges   0x0000000000000000      0x3e8
 .debug_ranges  0x0000000000000000       0x18 ./User/ch32v20x_it.o
 .debug_ranges  0x0000000000000018       0x10 ./User/main.o
 .debug_ranges  0x0000000000000028       0x38 ./User/system_ch32v20x.o
 .debug_ranges  0x0000000000000060       0x28 ./Startup/startup_ch32v20x_D8W.o
 .debug_ranges  0x0000000000000088       0x50 ./Peripheral/src/ch32v20x_dbgmcu.o
 .debug_ranges  0x00000000000000d8       0xa0 ./Peripheral/src/ch32v20x_gpio.o
 .debug_ranges  0x0000000000000178       0x30 ./Peripheral/src/ch32v20x_misc.o
 .debug_ranges  0x00000000000001a8      0x120 ./Peripheral/src/ch32v20x_rcc.o
 .debug_ranges  0x00000000000002c8       0xe0 ./Peripheral/src/ch32v20x_usart.o
 .debug_ranges  0x00000000000003a8       0x40 ./Debug/debug.o

.debug_line     0x0000000000000000     0x50da
 .debug_line    0x0000000000000000      0x30c ./User/ch32v20x_it.o
 .debug_line    0x000000000000030c      0x3dc ./User/main.o
 .debug_line    0x00000000000006e8      0x77f ./User/system_ch32v20x.o
 .debug_line    0x0000000000000e67      0x122 ./Startup/startup_ch32v20x_D8W.o
 .debug_line    0x0000000000000f89      0x3e7 ./Peripheral/src/ch32v20x_dbgmcu.o
 .debug_line    0x0000000000001370     0x1064 ./Peripheral/src/ch32v20x_gpio.o
 .debug_line    0x00000000000023d4      0x43c ./Peripheral/src/ch32v20x_misc.o
 .debug_line    0x0000000000002810     0x123d ./Peripheral/src/ch32v20x_rcc.o
 .debug_line    0x0000000000003a4d      0xefa ./Peripheral/src/ch32v20x_usart.o
 .debug_line    0x0000000000004947      0x793 ./Debug/debug.o

.debug_str      0x0000000000000000     0x1907
 .debug_str     0x0000000000000000      0x618 ./User/ch32v20x_it.o
                                        0x681 (size before relaxing)
 .debug_str     0x0000000000000618       0x87 ./User/main.o
                                        0x60a (size before relaxing)
 .debug_str     0x000000000000069f      0x112 ./User/system_ch32v20x.o
                                        0x6da (size before relaxing)
 .debug_str     0x00000000000007b1       0x2e ./Startup/startup_ch32v20x_D8W.o
                                         0x56 (size before relaxing)
 .debug_str     0x00000000000007df       0xa6 ./Peripheral/src/ch32v20x_dbgmcu.o
                                        0x642 (size before relaxing)
 .debug_str     0x0000000000000885      0x3d6 ./Peripheral/src/ch32v20x_gpio.o
                                        0x9ac (size before relaxing)
 .debug_str     0x0000000000000c5b      0x452 ./Peripheral/src/ch32v20x_misc.o
                                        0xacb (size before relaxing)
 .debug_str     0x00000000000010ad      0x3c5 ./Peripheral/src/ch32v20x_rcc.o
                                        0xaca (size before relaxing)
 .debug_str     0x0000000000001472      0x406 ./Peripheral/src/ch32v20x_usart.o
                                        0xafa (size before relaxing)
 .debug_str     0x0000000000001878       0x8f ./Debug/debug.o
                                        0x924 (size before relaxing)

.comment        0x0000000000000000       0x33
 .comment       0x0000000000000000       0x33 ./User/ch32v20x_it.o
                                         0x34 (size before relaxing)
 .comment       0x0000000000000033       0x34 ./User/main.o
 .comment       0x0000000000000033       0x34 ./User/system_ch32v20x.o
 .comment       0x0000000000000033       0x34 ./Peripheral/src/ch32v20x_dbgmcu.o
 .comment       0x0000000000000033       0x34 ./Peripheral/src/ch32v20x_gpio.o
 .comment       0x0000000000000033       0x34 ./Peripheral/src/ch32v20x_misc.o
 .comment       0x0000000000000033       0x34 ./Peripheral/src/ch32v20x_rcc.o
 .comment       0x0000000000000033       0x34 ./Peripheral/src/ch32v20x_usart.o
 .comment       0x0000000000000033       0x34 ./Debug/debug.o

.debug_frame    0x0000000000000000     0x10bc
 .debug_frame   0x0000000000000000       0x30 ./User/ch32v20x_it.o
 .debug_frame   0x0000000000000030       0x28 ./User/main.o
 .debug_frame   0x0000000000000058       0x50 ./User/system_ch32v20x.o
 .debug_frame   0x00000000000000a8       0x70 ./Peripheral/src/ch32v20x_dbgmcu.o
 .debug_frame   0x0000000000000118      0x170 ./Peripheral/src/ch32v20x_gpio.o
 .debug_frame   0x0000000000000288       0x30 ./Peripheral/src/ch32v20x_misc.o
 .debug_frame   0x00000000000002b8      0x254 ./Peripheral/src/ch32v20x_rcc.o
 .debug_frame   0x000000000000050c      0x1e4 ./Peripheral/src/ch32v20x_usart.o
 .debug_frame   0x00000000000006f0       0xb8 ./Debug/debug.o
 .debug_frame   0x00000000000007a8       0x54 c:/mounriver/mounriver_studio2/resources/app/resources/win32/components/wch/toolchain/risc-v embedded gcc/bin/../lib/gcc/riscv-none-embed/8.2.0/../../../../riscv-none-embed/lib/rv32imacxw/ilp32\libg_nano.a(lib_a-printf.o)
 .debug_frame   0x00000000000007fc       0x54 c:/mounriver/mounriver_studio2/resources/app/resources/win32/components/wch/toolchain/risc-v embedded gcc/bin/../lib/gcc/riscv-none-embed/8.2.0/../../../../riscv-none-embed/lib/rv32imacxw/ilp32\libg_nano.a(lib_a-puts.o)
 .debug_frame   0x0000000000000850       0x50 c:/mounriver/mounriver_studio2/resources/app/resources/win32/components/wch/toolchain/risc-v embedded gcc/bin/../lib/gcc/riscv-none-embed/8.2.0/../../../../riscv-none-embed/lib/rv32imacxw/ilp32\libg_nano.a(lib_a-wbuf.o)
 .debug_frame   0x00000000000008a0       0x3c c:/mounriver/mounriver_studio2/resources/app/resources/win32/components/wch/toolchain/risc-v embedded gcc/bin/../lib/gcc/riscv-none-embed/8.2.0/../../../../riscv-none-embed/lib/rv32imacxw/ilp32\libg_nano.a(lib_a-wsetup.o)
 .debug_frame   0x00000000000008dc       0x7c c:/mounriver/mounriver_studio2/resources/app/resources/win32/components/wch/toolchain/risc-v embedded gcc/bin/../lib/gcc/riscv-none-embed/8.2.0/../../../../riscv-none-embed/lib/rv32imacxw/ilp32\libg_nano.a(lib_a-fflush.o)
 .debug_frame   0x0000000000000958      0x148 c:/mounriver/mounriver_studio2/resources/app/resources/win32/components/wch/toolchain/risc-v embedded gcc/bin/../lib/gcc/riscv-none-embed/8.2.0/../../../../riscv-none-embed/lib/rv32imacxw/ilp32\libg_nano.a(lib_a-findfp.o)
 .debug_frame   0x0000000000000aa0       0x88 c:/mounriver/mounriver_studio2/resources/app/resources/win32/components/wch/toolchain/risc-v embedded gcc/bin/../lib/gcc/riscv-none-embed/8.2.0/../../../../riscv-none-embed/lib/rv32imacxw/ilp32\libg_nano.a(lib_a-fwalk.o)
 .debug_frame   0x0000000000000b28       0x64 c:/mounriver/mounriver_studio2/resources/app/resources/win32/components/wch/toolchain/risc-v embedded gcc/bin/../lib/gcc/riscv-none-embed/8.2.0/../../../../riscv-none-embed/lib/rv32imacxw/ilp32\libg_nano.a(lib_a-makebuf.o)
 .debug_frame   0x0000000000000b8c       0x40 c:/mounriver/mounriver_studio2/resources/app/resources/win32/components/wch/toolchain/risc-v embedded gcc/bin/../lib/gcc/riscv-none-embed/8.2.0/../../../../riscv-none-embed/lib/rv32imacxw/ilp32\libg_nano.a(lib_a-nano-freer.o)
 .debug_frame   0x0000000000000bcc       0x40 c:/mounriver/mounriver_studio2/resources/app/resources/win32/components/wch/toolchain/risc-v embedded gcc/bin/../lib/gcc/riscv-none-embed/8.2.0/../../../../riscv-none-embed/lib/rv32imacxw/ilp32\libg_nano.a(lib_a-nano-mallocr.o)
 .debug_frame   0x0000000000000c0c       0xd0 c:/mounriver/mounriver_studio2/resources/app/resources/win32/components/wch/toolchain/risc-v embedded gcc/bin/../lib/gcc/riscv-none-embed/8.2.0/../../../../riscv-none-embed/lib/rv32imacxw/ilp32\libg_nano.a(lib_a-nano-vfprintf.o)
 .debug_frame   0x0000000000000cdc       0x8c c:/mounriver/mounriver_studio2/resources/app/resources/win32/components/wch/toolchain/risc-v embedded gcc/bin/../lib/gcc/riscv-none-embed/8.2.0/../../../../riscv-none-embed/lib/rv32imacxw/ilp32\libg_nano.a(lib_a-nano-vfprintf_i.o)
 .debug_frame   0x0000000000000d68       0x30 c:/mounriver/mounriver_studio2/resources/app/resources/win32/components/wch/toolchain/risc-v embedded gcc/bin/../lib/gcc/riscv-none-embed/8.2.0/../../../../riscv-none-embed/lib/rv32imacxw/ilp32\libg_nano.a(lib_a-sbrkr.o)
 .debug_frame   0x0000000000000d98       0xa4 c:/mounriver/mounriver_studio2/resources/app/resources/win32/components/wch/toolchain/risc-v embedded gcc/bin/../lib/gcc/riscv-none-embed/8.2.0/../../../../riscv-none-embed/lib/rv32imacxw/ilp32\libg_nano.a(lib_a-stdio.o)
 .debug_frame   0x0000000000000e3c       0x30 c:/mounriver/mounriver_studio2/resources/app/resources/win32/components/wch/toolchain/risc-v embedded gcc/bin/../lib/gcc/riscv-none-embed/8.2.0/../../../../riscv-none-embed/lib/rv32imacxw/ilp32\libg_nano.a(lib_a-writer.o)
 .debug_frame   0x0000000000000e6c       0x30 c:/mounriver/mounriver_studio2/resources/app/resources/win32/components/wch/toolchain/risc-v embedded gcc/bin/../lib/gcc/riscv-none-embed/8.2.0/../../../../riscv-none-embed/lib/rv32imacxw/ilp32\libg_nano.a(lib_a-closer.o)
 .debug_frame   0x0000000000000e9c       0x30 c:/mounriver/mounriver_studio2/resources/app/resources/win32/components/wch/toolchain/risc-v embedded gcc/bin/../lib/gcc/riscv-none-embed/8.2.0/../../../../riscv-none-embed/lib/rv32imacxw/ilp32\libg_nano.a(lib_a-fstatr.o)
 .debug_frame   0x0000000000000ecc       0x30 c:/mounriver/mounriver_studio2/resources/app/resources/win32/components/wch/toolchain/risc-v embedded gcc/bin/../lib/gcc/riscv-none-embed/8.2.0/../../../../riscv-none-embed/lib/rv32imacxw/ilp32\libg_nano.a(lib_a-isattyr.o)
 .debug_frame   0x0000000000000efc       0x30 c:/mounriver/mounriver_studio2/resources/app/resources/win32/components/wch/toolchain/risc-v embedded gcc/bin/../lib/gcc/riscv-none-embed/8.2.0/../../../../riscv-none-embed/lib/rv32imacxw/ilp32\libg_nano.a(lib_a-lseekr.o)
 .debug_frame   0x0000000000000f2c       0x20 c:/mounriver/mounriver_studio2/resources/app/resources/win32/components/wch/toolchain/risc-v embedded gcc/bin/../lib/gcc/riscv-none-embed/8.2.0/../../../../riscv-none-embed/lib/rv32imacxw/ilp32\libg_nano.a(lib_a-memchr.o)
 .debug_frame   0x0000000000000f4c       0x30 c:/mounriver/mounriver_studio2/resources/app/resources/win32/components/wch/toolchain/risc-v embedded gcc/bin/../lib/gcc/riscv-none-embed/8.2.0/../../../../riscv-none-embed/lib/rv32imacxw/ilp32\libg_nano.a(lib_a-mlock.o)
 .debug_frame   0x0000000000000f7c       0x30 c:/mounriver/mounriver_studio2/resources/app/resources/win32/components/wch/toolchain/risc-v embedded gcc/bin/../lib/gcc/riscv-none-embed/8.2.0/../../../../riscv-none-embed/lib/rv32imacxw/ilp32\libg_nano.a(lib_a-readr.o)
 .debug_frame   0x0000000000000fac       0x70 c:/mounriver/mounriver_studio2/resources/app/resources/win32/components/wch/toolchain/risc-v embedded gcc/bin/../lib/gcc/riscv-none-embed/8.2.0/../../../../riscv-none-embed/lib/rv32imacxw/ilp32\libg_nano.a(lib_a-reent.o)
 .debug_frame   0x000000000000101c       0x20 c:/mounriver/mounriver_studio2/resources/app/resources/win32/components/wch/toolchain/risc-v embedded gcc/bin/../lib/gcc/riscv-none-embed/8.2.0/../../../../riscv-none-embed/lib/rv32imacxw/ilp32\libnosys.a(close.o)
 .debug_frame   0x000000000000103c       0x20 c:/mounriver/mounriver_studio2/resources/app/resources/win32/components/wch/toolchain/risc-v embedded gcc/bin/../lib/gcc/riscv-none-embed/8.2.0/../../../../riscv-none-embed/lib/rv32imacxw/ilp32\libnosys.a(fstat.o)
 .debug_frame   0x000000000000105c       0x20 c:/mounriver/mounriver_studio2/resources/app/resources/win32/components/wch/toolchain/risc-v embedded gcc/bin/../lib/gcc/riscv-none-embed/8.2.0/../../../../riscv-none-embed/lib/rv32imacxw/ilp32\libnosys.a(isatty.o)
 .debug_frame   0x000000000000107c       0x20 c:/mounriver/mounriver_studio2/resources/app/resources/win32/components/wch/toolchain/risc-v embedded gcc/bin/../lib/gcc/riscv-none-embed/8.2.0/../../../../riscv-none-embed/lib/rv32imacxw/ilp32\libnosys.a(lseek.o)
 .debug_frame   0x000000000000109c       0x20 c:/mounriver/mounriver_studio2/resources/app/resources/win32/components/wch/toolchain/risc-v embedded gcc/bin/../lib/gcc/riscv-none-embed/8.2.0/../../../../riscv-none-embed/lib/rv32imacxw/ilp32\libnosys.a(read.o)

.debug_loc      0x0000000000000000     0x18d2
 .debug_loc     0x0000000000000000       0xc2 ./User/system_ch32v20x.o
 .debug_loc     0x00000000000000c2       0x7c ./Peripheral/src/ch32v20x_dbgmcu.o
 .debug_loc     0x000000000000013e      0x6e3 ./Peripheral/src/ch32v20x_gpio.o
 .debug_loc     0x0000000000000821       0x47 ./Peripheral/src/ch32v20x_misc.o
 .debug_loc     0x0000000000000868      0x7ad ./Peripheral/src/ch32v20x_rcc.o
 .debug_loc     0x0000000000001015      0x746 ./Peripheral/src/ch32v20x_usart.o
 .debug_loc     0x000000000000175b      0x177 ./Debug/debug.o

.stab           0x0000000000000000       0x84
 .stab          0x0000000000000000       0x24 c:/mounriver/mounriver_studio2/resources/app/resources/win32/components/wch/toolchain/risc-v embedded gcc/bin/../lib/gcc/riscv-none-embed/8.2.0/../../../../riscv-none-embed/lib/rv32imacxw/ilp32\libnosys.a(close.o)
 .stab          0x0000000000000024       0x18 c:/mounriver/mounriver_studio2/resources/app/resources/win32/components/wch/toolchain/risc-v embedded gcc/bin/../lib/gcc/riscv-none-embed/8.2.0/../../../../riscv-none-embed/lib/rv32imacxw/ilp32\libnosys.a(fstat.o)
                                         0x24 (size before relaxing)
 .stab          0x000000000000003c       0x18 c:/mounriver/mounriver_studio2/resources/app/resources/win32/components/wch/toolchain/risc-v embedded gcc/bin/../lib/gcc/riscv-none-embed/8.2.0/../../../../riscv-none-embed/lib/rv32imacxw/ilp32\libnosys.a(isatty.o)
                                         0x24 (size before relaxing)
 .stab          0x0000000000000054       0x18 c:/mounriver/mounriver_studio2/resources/app/resources/win32/components/wch/toolchain/risc-v embedded gcc/bin/../lib/gcc/riscv-none-embed/8.2.0/../../../../riscv-none-embed/lib/rv32imacxw/ilp32\libnosys.a(lseek.o)
                                         0x24 (size before relaxing)
 .stab          0x000000000000006c       0x18 c:/mounriver/mounriver_studio2/resources/app/resources/win32/components/wch/toolchain/risc-v embedded gcc/bin/../lib/gcc/riscv-none-embed/8.2.0/../../../../riscv-none-embed/lib/rv32imacxw/ilp32\libnosys.a(read.o)
                                         0x24 (size before relaxing)

.stabstr        0x0000000000000000      0x117
 .stabstr       0x0000000000000000      0x117 c:/mounriver/mounriver_studio2/resources/app/resources/win32/components/wch/toolchain/risc-v embedded gcc/bin/../lib/gcc/riscv-none-embed/8.2.0/../../../../riscv-none-embed/lib/rv32imacxw/ilp32\libnosys.a(close.o)
